  Determining projects to restore...
  Restored C:\ApparelPro\ApparelPro.WebApi\ApparelPro.WebApi.csproj (in 4.04 sec).
  3 of 4 projects are up-to-date for restore.
  ApparelPro.Shared -> C:\ApparelPro\ApparelPro.Shared\bin\Debug\net10.0\ApparelPro.Shared.dll
  ApparelPro.Data -> C:\ApparelPro\ApparelPro.Data\bin\Debug\net10.0\ApparelPro.Data.dll
  apparelPro.BusinessLogic -> C:\ApparelPro\apparelPro.BusinessLogic\bin\Debug\net10.0\apparelPro.BusinessLogic.dll
  ApparelPro.WebApi -> C:\ApparelPro\ApparelPro.WebApi\bin\Debug\net10.0\ApparelPro.WebApi.dll

Build succeeded.
    0 Warning(s)
    0 Error(s)

Time Elapsed 00:00:31.75
