Buyer       Order                Type        Style                StockCode ItemCode Feature1 Feature2 Feature3 Feature4 Description                              ItemUnit CurrencyCode Price                                   BalanceQuantity                         SupplierCode TotalConsumption
----------- -------------------- ----------- -------------------- --------- -------- -------- -------- -------- -------- ---------------------------------------- -------- ------------ --------------------------------------- --------------------------------------- ------------ ---------------------------------------
1           1017-18              2           ANCHORAGE            01        01FB     SHE1     COTT     56"#     S/WH     FABRIC SAIL WHITE HANSOM 2060            YDS      US$          0.0000                                  0.00                                                 2601.00
1           1017-18              2           ANCHORAGE            01        01FB     SHEE     6535     51"#     G/SE     FABRIC GREEN SEAS 65%POL 35%COT DCA4301  YDS      US$          0.0000                                  0.00                                                 4822.00
1           1017-18              2           ANCHORAGE            01        01FB     SHEE     6535     51"#     S/WH     FABRIC SAIL WHITE 65%POL 35%COT DCA4301  YDS      US$          0.0000                                  0.00                                                 3215.00
1           1017-18              2           ANCHORAGE            01        01FB     SHEE     6535     51"#     T/BL     FABRIC TRUE BLUE 65%POL 35%COT DCA4301   YDS      US$          0.0000                                  0.00                                                 1538.00
1           1017-18              2           ANCHORAGE            01        01FB     YYYY     YYYY     YYYY     ADDC     COLOR YYYY FABRIC COTTON                 YDS      US$          0.0333                                  0.00                                                 4750.00
1           1017-18              2           ANCHORAGE            01        01FB     YYYY     YYYY     YYYY     YYYY     COLOR YYYY FABRIC COTTON                 YDS      US$          0.0333                                  1750.00                                              4750.00
1           1017-18              2           ANCHORAGE            01        02LI     321      145      ADD      COST     ADDI. COST                               PCS      HD$          10.0000                                 -50.00                                               3650.00
1           1017-18              2           ANCHORAGE            01        02LI     INTE     POLY     35.5     BLAC     INTERLINNING BLACK L235                  YDS      US$          0.0000                                  0.00                                                 831.00
1           1017-18              2           ANCHORAGE            01        02LI     INTE     POLY     35.5     WHIT     INTERLINNING WHITE L235                  YDS      US$          0.0000                                  0.00                                                 554.00
1           1017-18              2           ANCHORAGE            01        02LI     TAFF     190T     58"#     S/WH     TAFFATA SAIL WHITE 190T 100% NYLON       YDS      US$          0.0000                                  -2.00                                                1597.00
1           1017-18              2           ANCHORAGE            02        01ZI     PLAS     NOO2     ####     G/SE     ZIPPERSN GREEN SEAS SGWHM 76             PCS      US$          0.0000                                  -30.00                                               1500.00
1           1017-18              2           ANCHORAGE            02        01ZI     PLAS     NOO2     ####     S/WH     ZIPPERSN SAIL WHITE SGWHM 76             PCS      US$          0.0000                                  0.00                                                 1020.00
1           1017-18              2           ANCHORAGE            02        01ZI     PULL     RUBB     ####     BROW     ZIPPERS PULL NATURAL RUBBER ZP 010       PCS      US$          0.0000                                  0.00                                                 2550.00
1           1017-18              2           ANCHORAGE            02        02BT     1111     2222     3333     4444     EYE LET ANT NICKEL 107303                PCS      US$          0.0000                                  -92.00                                               2500.00
1           1017-18              2           ANCHORAGE            02        02BT     EYEL     NOHO     1073     NICK     EYE LET ANT NICKEL 107303                GRS      US$          0.0000                                  0.00                                                 107.00
1           1017-18              2           ANCHORAGE            02        02BT     PLAS     2HLS              BLUE     PLASTIC 2 HOLES BLUE BUTTON              GRS      US$          0.2300                                  107.00                                               107.00
1           1017-18              2           ANCHORAGE            02        02BT     PLAS     4HLS              BLUE     PLASTIC 4 HOLES BLUE BUTTON              GRS      US$          0.2300                                  6.00                                                 36.00
1           1017-18              2           ANCHORAGE            02        02BT     SNAP     NOHO     24L#     NICK     BUTTON SNAP ANT NICKEL 24L               SET      US$          0.0000                                  0.00                                                 10200.00
1           1017-18              2           ANCHORAGE            02        02BT     SNAP     NOHO     27L#     NICK     BUTTON SNAP WASHER NATURAL RUBBER 27L    SET      US$          0.0000                                  0.00                                                 17850.00
1           1017-18              2           ANCHORAGE            02        02BT     SNAP     NOHO     32L#     NICK     BUTTON SNAP CAPS 32L DR9434 "L-FOG LOGO" SET      US$          0.0000                                  0.00                                                 17850.00
1           1017-18              2           ANCHORAGE            02        02BT     WASH     NOHO     ####     WHIT     WASHERS POLY                             PCS      US$          0.0000                                  0.00                                                 10200.00
1           1017-18              2           ANCHORAGE            02        03LB     CARE     WOVE     ####     WHIT     CARE LABELS WOVEN  L 515                 PCS      US$          0.0000                                  0.00                                                 2550.00
1           1017-18              2           ANCHORAGE            02        03LB     COO#     WOVE     ####     WHIT     COUNTRY OF ORIGIN LABEL                  PCS      US$          0.0000                                  0.00                                                 2550.00
1           1017-18              2           ANCHORAGE            02        03LB     MAIN     WOVE     ####     WHIT     MAIN LABELS #1000  "LONDON FOG"          PCS      US$          0.0000                                  0.00                                                 2550.00
1           1017-18              2           ANCHORAGE            02        03LB     SIZE     WOVE     ####     WHIT     SIZE LABELS WOVEN                        PCS      US$          0.0000                                  0.00                                                 2550.00
1           1017-18              2           ANCHORAGE            02        05CD     DRAW     COTT     ####     T/BL     DRAWSTRING T/BLUE-G/SEAS WT 606          PCS      US$          0.0000                                  0.00                                                 5100.00
1           1017-18              2           ANCHORAGE            02        05CD     LOCK     RUBB     ####     BROW     CORD LOCK NATURAL RUBBER ST-6153L        PCS      US$          0.0000                                  0.00                                                 10200.00
1           1017-18              2           ANCHORAGE            02        06TP     CANV     COTT     1/8"     T/BL     TAPE CANVAS TRUE BLUE 118 1-1/8" COTTON  YDS      US$          0.0000                                  0.00                                                 2339.00
1           1017-18              2           ANCHORAGE            02        06TP     TAPE     POLY     2"##     WHIT     TAPE POLYCO 2" WIDE WHITE (WAIST)        YDS      US$          0.0000                                  0.00                                                 4251.00
1           1017-18              2           ANCHORAGE            02        06TP     TAPE     POLY     3/8"     WHIT     TAPE ML 3/8"                             YDS      US$          0.0000                                  0.00                                                 12240.00
1           1017-18              2           ANCHORAGE            02        06TP     VELC     HOOK     3/4"     G/SE     VELCRO GREEN SEAS  3/4" (HOOK)           YDS      US$          0.0000                                  0.00                                                 127.00
1           1017-18              2           ANCHORAGE            02        06TP     VELC     HOOK     3/4"     S/WH     VELCRO SAIL WHITE 3/4" (HOOK)            YDS      US$          0.0000                                  0.00                                                 85.00
1           1017-18              2           ANCHORAGE            02        06TP     VELC     LOOP     3/4"     G/SE     VELCRO GREEN SEAS  3/4" (LOOP)           YDS      US$          0.0000                                  0.00                                                 426.00
1           1017-18              2           ANCHORAGE            02        06TP     VELC     LOOP     3/4"     S/WH     VELCRO SAIL WHITE 3/4" (LOOP)            YDS      US$          0.0000                                  0.00                                                 284.00
1           1017-18              2           ANCHORAGE            02        07TH     MANC     120T     ####     M500     THREAD GREEN SEAS 120T  M 500            CN2      US$          1.5000                                  0.00                                                 192.00
1           1017-18              2           ANCHORAGE            02        07TH     MANC     30T#     ####     M500     THREAD GREEN SEAS 30T M 500              CN3      US$          1.3000                                  100.00                                               174.00
1           1017-18              2           ANCHORAGE            02        07TH     TOTA     120T     ####     #837     THREAD TRUE BLUE 120T  837  ASTRA        CN1      US$          1.6000                                  0.00                                                 84.00
1           1017-18              2           ANCHORAGE            02        07TH     TOTA     120T     ###C     9185     THREAD SAIL WHITE 120T C 9185  ASTRA     CN1      US$          1.6000                                  73.00                                                158.00
1           1017-18              2           ANCHORAGE            02        07TH     TOTA     30T#     ####     #837     THREAD TRUE BLUE  30T  837  ASTRA        CN2      US$          1.8000                                  0.00                                                 102.00
1           1017-18              2           ANCHORAGE            02        07TH     TOTA     30T#     ###C     9185     THREAD SAIL WHITE 30T C 9185  ASTRA      CN2      US$          1.8000                                  1.00                                                 78.00
1           1017-18              2           ANCHORAGE            03        01TG     BARC     ####     ####     WHIT     BAR CODE TAG 1000C                       PCS      US$          0.0000                                  0.00                                                 2550.00
1           1017-18              2           ANCHORAGE            03        01TG     PINS     PLAS     2"##     WHIT     TAG PINS 2" LONG I" SHAPPED              PCS      US$          0.0000                                  0.00                                                 2550.00
1           1017-18              2           ANCHORAGE            03        03HG     HANG     HEAV     18"#     BLAC     HANGERS 18"BLACK HEAVY WIRE              PCS      US$          0.0000                                  0.00                                                 2550.00
1           1017-18              2           ANCHORAGE            03        04BG     BAG#     CLEA     46"#     WHIT     POLY BAGS 46"                            PCS      US$          0.0000                                  0.00                                                 2550.00
1           1017-18              2           ANCHORAGE            03        07AC     ENVE     ####     ####     WHIT     BUTTON ENVELOPE                          PCS      US$          0.0000                                  0.00                                                 2550.00

(45 rows affected)


Completion time: 2026-07-22T22:04:12.5707310+10:00
